cinco
cuatro
diez
dos
eight
five
four
nine
nueve
ocho
one
seven
sies
siete
six
ten
three
tres
two
uno
