apple
asparagus
banana
bell pepper
blackberry
blueberry
broccoli
cabbage
cantaloupe
carrot
cauliflower
celery
cherry
cucumber
grape
lettuce
mushroom
onion
orange
peach
pear
pineapple
plum
potato
pumpkin
raspberry
spinach
strawberry
tomato
watermelon
